# serializer version: 1
# name: test_entity_states_snapshot
  list([
    dict({
      'device_class': 'connectivity',
      'entity_id': 'binary_sensor.mate3_system_connected',
      'state': 'on',
      'state_class': None,
      'unit': None,
    }),
    dict({
      'device_class': 'voltage',
      'entity_id': 'sensor.mate3_system_battery_voltage',
      'state': '52.5',
      'state_class': <SensorStateClass.MEASUREMENT: 'measurement'>,
      'unit': <UnitOfElectricPotential.VOLT: 'V'>,
    }),
    dict({
      'device_class': 'power',
      'entity_id': 'sensor.mate3_system_from_battery',
      'state': '0',
      'state_class': <SensorStateClass.MEASUREMENT: 'measurement'>,
      'unit': <UnitOfPower.WATT: 'W'>,
    }),
    dict({
      'device_class': 'power',
      'entity_id': 'sensor.mate3_system_from_grid',
      'state': '500',
      'state_class': <SensorStateClass.MEASUREMENT: 'measurement'>,
      'unit': <UnitOfPower.WATT: 'W'>,
    }),
    dict({
      'device_class': 'power',
      'entity_id': 'sensor.mate3_system_solar_production',
      'state': '390',
      'state_class': <SensorStateClass.MEASUREMENT: 'measurement'>,
      'unit': <UnitOfPower.WATT: 'W'>,
    }),
    dict({
      'device_class': 'energy',
      'entity_id': 'sensor.mate3_system_solar_production_energy',
      'state': '1.5',
      'state_class': <SensorStateClass.TOTAL_INCREASING: 'total_increasing'>,
      'unit': <UnitOfEnergy.KILO_WATT_HOUR: 'kWh'>,
    }),
    dict({
      'device_class': 'power',
      'entity_id': 'sensor.mate3_system_to_loads',
      'state': '500',
      'state_class': <SensorStateClass.MEASUREMENT: 'measurement'>,
      'unit': <UnitOfPower.WATT: 'W'>,
    }),
    dict({
      'device_class': 'voltage',
      'entity_id': 'sensor.mate3_testmac00001_charge_controller_1_battery_voltage',
      'state': '52.5',
      'state_class': <SensorStateClass.MEASUREMENT: 'measurement'>,
      'unit': <UnitOfElectricPotential.VOLT: 'V'>,
    }),
    dict({
      'device_class': 'enum',
      'entity_id': 'sensor.mate3_testmac00001_charge_controller_1_charge_mode',
      'state': 'bulk',
      'state_class': None,
      'unit': None,
    }),
    dict({
      'device_class': 'current',
      'entity_id': 'sensor.mate3_testmac00001_charge_controller_1_output_current',
      'state': '7.5',
      'state_class': <SensorStateClass.MEASUREMENT: 'measurement'>,
      'unit': <UnitOfElectricCurrent.AMPERE: 'A'>,
    }),
    dict({
      'device_class': 'power',
      'entity_id': 'sensor.mate3_testmac00001_charge_controller_1_output_power',
      'state': '390',
      'state_class': <SensorStateClass.MEASUREMENT: 'measurement'>,
      'unit': <UnitOfPower.WATT: 'W'>,
    }),
    dict({
      'device_class': 'current',
      'entity_id': 'sensor.mate3_testmac00001_charge_controller_1_pv_current',
      'state': '5.0',
      'state_class': <SensorStateClass.MEASUREMENT: 'measurement'>,
      'unit': <UnitOfElectricCurrent.AMPERE: 'A'>,
    }),
    dict({
      'device_class': 'power',
      'entity_id': 'sensor.mate3_testmac00001_charge_controller_1_pv_power',
      'state': '400',
      'state_class': <SensorStateClass.MEASUREMENT: 'measurement'>,
      'unit': <UnitOfPower.WATT: 'W'>,
    }),
    dict({
      'device_class': 'voltage',
      'entity_id': 'sensor.mate3_testmac00001_charge_controller_1_pv_voltage',
      'state': '80.0',
      'state_class': <SensorStateClass.MEASUREMENT: 'measurement'>,
      'unit': <UnitOfElectricPotential.VOLT: 'V'>,
    }),
    dict({
      'device_class': 'enum',
      'entity_id': 'sensor.mate3_testmac00001_inverter_1_ac_mode',
      'state': 'ac-use',
      'state_class': None,
      'unit': None,
    }),
    dict({
      'device_class': 'voltage',
      'entity_id': 'sensor.mate3_testmac00001_inverter_1_battery_voltage',
      'state': '52.5',
      'state_class': <SensorStateClass.MEASUREMENT: 'measurement'>,
      'unit': <UnitOfElectricPotential.VOLT: 'V'>,
    }),
    dict({
      'device_class': 'current',
      'entity_id': 'sensor.mate3_testmac00001_inverter_1_charger_current',
      'state': 'unavailable',
      'state_class': <SensorStateClass.MEASUREMENT: 'measurement'>,
      'unit': <UnitOfElectricCurrent.AMPERE: 'A'>,
    }),
    dict({
      'device_class': 'power',
      'entity_id': 'sensor.mate3_testmac00001_inverter_1_charger_power',
      'state': 'unavailable',
      'state_class': <SensorStateClass.MEASUREMENT: 'measurement'>,
      'unit': <UnitOfPower.WATT: 'W'>,
    }),
    dict({
      'device_class': 'enum',
      'entity_id': 'sensor.mate3_testmac00001_inverter_1_grid_mode',
      'state': 'grid',
      'state_class': None,
      'unit': None,
    }),
    dict({
      'device_class': 'power',
      'entity_id': 'sensor.mate3_testmac00001_inverter_1_grid_power',
      'state': '500',
      'state_class': <SensorStateClass.MEASUREMENT: 'measurement'>,
      'unit': <UnitOfPower.WATT: 'W'>,
    }),
    dict({
      'device_class': 'current',
      'entity_id': 'sensor.mate3_testmac00001_inverter_1_inverter_current',
      'state': 'unavailable',
      'state_class': <SensorStateClass.MEASUREMENT: 'measurement'>,
      'unit': <UnitOfElectricCurrent.AMPERE: 'A'>,
    }),
    dict({
      'device_class': 'enum',
      'entity_id': 'sensor.mate3_testmac00001_inverter_1_inverter_mode',
      'state': 'inverting',
      'state_class': None,
      'unit': None,
    }),
    dict({
      'device_class': 'power',
      'entity_id': 'sensor.mate3_testmac00001_inverter_1_inverter_power',
      'state': 'unavailable',
      'state_class': <SensorStateClass.MEASUREMENT: 'measurement'>,
      'unit': <UnitOfPower.WATT: 'W'>,
    }),
    dict({
      'device_class': 'voltage',
      'entity_id': 'sensor.mate3_testmac00001_inverter_1_l1_ac_input_voltage',
      'state': 'unavailable',
      'state_class': <SensorStateClass.MEASUREMENT: 'measurement'>,
      'unit': <UnitOfElectricPotential.VOLT: 'V'>,
    }),
    dict({
      'device_class': 'voltage',
      'entity_id': 'sensor.mate3_testmac00001_inverter_1_l1_ac_output_voltage',
      'state': 'unavailable',
      'state_class': <SensorStateClass.MEASUREMENT: 'measurement'>,
      'unit': <UnitOfElectricPotential.VOLT: 'V'>,
    }),
    dict({
      'device_class': 'current',
      'entity_id': 'sensor.mate3_testmac00001_inverter_1_l1_buy_current',
      'state': 'unavailable',
      'state_class': <SensorStateClass.MEASUREMENT: 'measurement'>,
      'unit': <UnitOfElectricCurrent.AMPERE: 'A'>,
    }),
    dict({
      'device_class': 'current',
      'entity_id': 'sensor.mate3_testmac00001_inverter_1_l1_charger_current',
      'state': 'unavailable',
      'state_class': <SensorStateClass.MEASUREMENT: 'measurement'>,
      'unit': <UnitOfElectricCurrent.AMPERE: 'A'>,
    }),
    dict({
      'device_class': 'power',
      'entity_id': 'sensor.mate3_testmac00001_inverter_1_l1_charger_power',
      'state': '0',
      'state_class': <SensorStateClass.MEASUREMENT: 'measurement'>,
      'unit': <UnitOfPower.WATT: 'W'>,
    }),
    dict({
      'device_class': 'power',
      'entity_id': 'sensor.mate3_testmac00001_inverter_1_l1_grid_power',
      'state': '250',
      'state_class': <SensorStateClass.MEASUREMENT: 'measurement'>,
      'unit': <UnitOfPower.WATT: 'W'>,
    }),
    dict({
      'device_class': 'current',
      'entity_id': 'sensor.mate3_testmac00001_inverter_1_l1_inverter_current',
      'state': 'unavailable',
      'state_class': <SensorStateClass.MEASUREMENT: 'measurement'>,
      'unit': <UnitOfElectricCurrent.AMPERE: 'A'>,
    }),
    dict({
      'device_class': 'power',
      'entity_id': 'sensor.mate3_testmac00001_inverter_1_l1_inverter_power',
      'state': '0',
      'state_class': <SensorStateClass.MEASUREMENT: 'measurement'>,
      'unit': <UnitOfPower.WATT: 'W'>,
    }),
    dict({
      'device_class': 'current',
      'entity_id': 'sensor.mate3_testmac00001_inverter_1_l1_sell_current',
      'state': 'unavailable',
      'state_class': <SensorStateClass.MEASUREMENT: 'measurement'>,
      'unit': <UnitOfElectricCurrent.AMPERE: 'A'>,
    }),
    dict({
      'device_class': 'voltage',
      'entity_id': 'sensor.mate3_testmac00001_inverter_1_l2_ac_input_voltage',
      'state': 'unavailable',
      'state_class': <SensorStateClass.MEASUREMENT: 'measurement'>,
      'unit': <UnitOfElectricPotential.VOLT: 'V'>,
    }),
    dict({
      'device_class': 'voltage',
      'entity_id': 'sensor.mate3_testmac00001_inverter_1_l2_ac_output_voltage',
      'state': 'unavailable',
      'state_class': <SensorStateClass.MEASUREMENT: 'measurement'>,
      'unit': <UnitOfElectricPotential.VOLT: 'V'>,
    }),
    dict({
      'device_class': 'current',
      'entity_id': 'sensor.mate3_testmac00001_inverter_1_l2_buy_current',
      'state': 'unavailable',
      'state_class': <SensorStateClass.MEASUREMENT: 'measurement'>,
      'unit': <UnitOfElectricCurrent.AMPERE: 'A'>,
    }),
    dict({
      'device_class': 'current',
      'entity_id': 'sensor.mate3_testmac00001_inverter_1_l2_charger_current',
      'state': 'unavailable',
      'state_class': <SensorStateClass.MEASUREMENT: 'measurement'>,
      'unit': <UnitOfElectricCurrent.AMPERE: 'A'>,
    }),
    dict({
      'device_class': 'power',
      'entity_id': 'sensor.mate3_testmac00001_inverter_1_l2_charger_power',
      'state': '0',
      'state_class': <SensorStateClass.MEASUREMENT: 'measurement'>,
      'unit': <UnitOfPower.WATT: 'W'>,
    }),
    dict({
      'device_class': 'power',
      'entity_id': 'sensor.mate3_testmac00001_inverter_1_l2_grid_power',
      'state': '250',
      'state_class': <SensorStateClass.MEASUREMENT: 'measurement'>,
      'unit': <UnitOfPower.WATT: 'W'>,
    }),
    dict({
      'device_class': 'current',
      'entity_id': 'sensor.mate3_testmac00001_inverter_1_l2_inverter_current',
      'state': 'unavailable',
      'state_class': <SensorStateClass.MEASUREMENT: 'measurement'>,
      'unit': <UnitOfElectricCurrent.AMPERE: 'A'>,
    }),
    dict({
      'device_class': 'power',
      'entity_id': 'sensor.mate3_testmac00001_inverter_1_l2_inverter_power',
      'state': '0',
      'state_class': <SensorStateClass.MEASUREMENT: 'measurement'>,
      'unit': <UnitOfPower.WATT: 'W'>,
    }),
    dict({
      'device_class': 'current',
      'entity_id': 'sensor.mate3_testmac00001_inverter_1_l2_sell_current',
      'state': 'unavailable',
      'state_class': <SensorStateClass.MEASUREMENT: 'measurement'>,
      'unit': <UnitOfElectricCurrent.AMPERE: 'A'>,
    }),
    dict({
      'device_class': 'voltage',
      'entity_id': 'sensor.mate3_testmac00001_inverter_1_total_ac_input_voltage',
      'state': 'unavailable',
      'state_class': <SensorStateClass.MEASUREMENT: 'measurement'>,
      'unit': <UnitOfElectricPotential.VOLT: 'V'>,
    }),
    dict({
      'device_class': 'voltage',
      'entity_id': 'sensor.mate3_testmac00001_inverter_1_total_ac_output_voltage',
      'state': 'unavailable',
      'state_class': <SensorStateClass.MEASUREMENT: 'measurement'>,
      'unit': <UnitOfElectricPotential.VOLT: 'V'>,
    }),
  ])
# ---
